

================================================================
== Vivado HLS Report for 'stream_out_data_2'
================================================================
* Date:           Tue May 10 21:15:14 2022

* Version:        2019.2 (Build 2704478 on Wed Nov 06 22:10:23 MST 2019)
* Project:        ultra_core
* Solution:       ultracore_125
* Product family: zynquplus
* Target device:  xczu3eg-sbva484-1-e


================================================================
== Performance Estimates
================================================================
+ Timing: 
    * Summary: 
    +--------+---------+----------+------------+
    |  Clock |  Target | Estimated| Uncertainty|
    +--------+---------+----------+------------+
    |ap_clk  | 4.00 ns | 3.471 ns |   0.50 ns  |
    +--------+---------+----------+------------+

+ Latency: 
    * Summary: 
    +---------+---------+----------+-----------+-----+------+---------+
    |  Latency (cycles) |  Latency (absolute)  |  Interval  | Pipeline|
    |   min   |   max   |    min   |    max    | min |  max |   Type  |
    +---------+---------+----------+-----------+-----+------+---------+
    |        1|     8068| 4.000 ns | 32.272 us |    1|  8068|   none  |
    +---------+---------+----------+-----------+-----+------+---------+

    + Detail: 
        * Instance: 
        N/A

        * Loop: 
        +----------+---------+---------+----------+-----------+-----------+------+----------+
        |          |  Latency (cycles) | Iteration|  Initiation Interval  | Trip |          |
        | Loop Name|   min   |   max   |  Latency |  achieved |   target  | Count| Pipelined|
        +----------+---------+---------+----------+-----------+-----------+------+----------+
        |- Loop 1  |     8066|     8066|         4|          1|          1|  8064|    yes   |
        +----------+---------+---------+----------+-----------+-----------+------+----------+

============================================================
+ Verbose Summary: Synthesis Manager
============================================================
InlineROM: 1
ExposeGlobal: 0
============================================================
+ Verbose Summary: CDFG Model
============================================================
IsTopModel: 0
ResetActiveHigh: 1
IsCombinational: 0
IsDatapathOnly: 0
HasWiredReturn: 1
HasMFsm: 0
HasVarLatency: 1
IsPipeline: 0
IsRtlPipelined: 0
IsInstanceOverlapped: 0
IsDontTouch: 0
HasImplIP: 0
IsGatedGlobalClock: 0

+ Individual pipeline summary: 
  * Pipeline-0: initiation interval (II) = 1, depth = 4


============================================================
+ Verbose Summary: Schedule
============================================================
* Number of FSM states : 6
* Pipeline : 1
  Pipeline-0 : II = 1, D = 4, States = { 2 3 4 5 }
* Dataflow Pipeline: 0

* FSM state transitions: 
1 --> 6 2 
2 --> 6 3 
3 --> 4 
4 --> 5 
5 --> 2 
6 --> 

* FSM state operations: 

State 1 <SV = 0> <Delay = 0.93>
ST_1 : Operation 7 [1/1] (0.00ns)   --->   "call void (...)* @_ssdm_op_SpecInterface(i64* %out_V_V, [8 x i8]* @ap_fifo_str, i32 0, i32 0, [1 x i8]* @p_str, i32 0, i32 0, [1 x i8]* @p_str, [1 x i8]* @p_str, [1 x i8]* @p_str, i32 2, i32 2, i32 16, i32 16, [1 x i8]* @p_str, [1 x i8]* @p_str)"   --->   Operation 7 'specinterface' <Predicate = true> <Delay = 0.00>
ST_1 : Operation 8 [1/1] (0.00ns)   --->   "call void (...)* @_ssdm_op_SpecMemCore([672 x i64]* %row_buffer_V, [1 x i8]* @p_str49942, [13 x i8]* @p_str49978, [1 x i8]* @p_str49942, i32 -1, [1 x i8]* @p_str49942, [1 x i8]* @p_str49942, [1 x i8]* @p_str49942, [1 x i8]* @p_str49942, [1 x i8]* @p_str49942)"   --->   Operation 8 'specmemcore' <Predicate = true> <Delay = 0.00>
ST_1 : Operation 9 [1/1] (0.00ns)   --->   "%startRowBufferIdx_V_s = call i2 @_ssdm_op_Read.ap_auto.i2(i2 %startRowBufferIdx_V)" [./src/conv2d_DSPopt.hpp:50]   --->   Operation 9 'read' 'startRowBufferIdx_V_s' <Predicate = true> <Delay = 0.00>
ST_1 : Operation 10 [1/1] (0.00ns)   --->   "%outRowIdx_V_read = call i10 @_ssdm_op_Read.ap_auto.i10(i10 %outRowIdx_V)" [./src/conv2d_DSPopt.hpp:50]   --->   Operation 10 'read' 'outRowIdx_V_read' <Predicate = true> <Delay = 0.00>
ST_1 : Operation 11 [1/1] (0.00ns)   --->   "%skip_flag_read = call i1 @_ssdm_op_Read.ap_auto.i1(i1 %skip_flag)" [./src/conv2d_DSPopt.hpp:50]   --->   Operation 11 'read' 'skip_flag_read' <Predicate = true> <Delay = 0.00>
ST_1 : Operation 12 [1/1] (0.00ns)   --->   "br i1 %skip_flag_read, label %.loopexit, label %.preheader618.preheader" [./src/conv2d_DSPopt.hpp:59]   --->   Operation 12 'br' <Predicate = true> <Delay = 0.00>
ST_1 : Operation 13 [1/1] (0.00ns)   --->   "%sext_ln1354 = sext i10 %outRowIdx_V_read to i11" [./src/conv2d_DSPopt.hpp:83]   --->   Operation 13 'sext' 'sext_ln1354' <Predicate = (!skip_flag_read)> <Delay = 0.00>
ST_1 : Operation 14 [1/1] (0.93ns)   --->   "%ret_V = add i11 %sext_ln1354, -1" [./src/conv2d_DSPopt.hpp:83]   --->   Operation 14 'add' 'ret_V' <Predicate = (!skip_flag_read)> <Delay = 0.93> <Core = "AddSub">   --->   Core 14 'AddSub' <Latency = 0> <II = 1> <Delay = 0.93> <FuncUnit> <Opcode : 'add' 'sub'> <InPorts = 2> <OutPorts = 1>
ST_1 : Operation 15 [1/1] (0.75ns)   --->   "br label %.preheader617" [./src/conv2d_DSPopt.hpp:65]   --->   Operation 15 'br' <Predicate = (!skip_flag_read)> <Delay = 0.75>

State 2 <SV = 1> <Delay = 3.47>
ST_2 : Operation 16 [1/1] (0.00ns)   --->   "%indvar_flatten = phi i13 [ 0, %.preheader618.preheader ], [ %add_ln65, %hls_label_43 ]" [./src/conv2d_DSPopt.hpp:65]   --->   Operation 16 'phi' 'indvar_flatten' <Predicate = true> <Delay = 0.00>
ST_2 : Operation 17 [1/1] (0.00ns)   --->   "%t_V_3 = phi i8 [ 0, %.preheader618.preheader ], [ %infoldIdx_V_3, %hls_label_43 ]"   --->   Operation 17 'phi' 't_V_3' <Predicate = true> <Delay = 0.00>
ST_2 : Operation 18 [1/1] (0.00ns)   --->   "%t_V = phi i8 [ 0, %.preheader618.preheader ], [ %select_ln96, %hls_label_43 ]" [./src/conv2d_DSPopt.hpp:96]   --->   Operation 18 'phi' 't_V' <Predicate = true> <Delay = 0.00>
ST_2 : Operation 19 [1/1] (0.00ns)   --->   "%cycle_0 = phi i9 [ 0, %.preheader618.preheader ], [ %cycle, %hls_label_43 ]"   --->   Operation 19 'phi' 'cycle_0' <Predicate = true> <Delay = 0.00>
ST_2 : Operation 20 [1/1] (0.86ns)   --->   "%icmp_ln65 = icmp eq i13 %indvar_flatten, -128" [./src/conv2d_DSPopt.hpp:65]   --->   Operation 20 'icmp' 'icmp_ln65' <Predicate = true> <Delay = 0.86> <Core = "Cmp">   --->   Core 25 'Cmp' <Latency = 0> <II = 1> <Delay = 0.85> <FuncUnit> <Opcode : 'icmp'> <InPorts = 2> <OutPorts = 1>
ST_2 : Operation 21 [1/1] (0.97ns)   --->   "%add_ln65 = add i13 %indvar_flatten, 1" [./src/conv2d_DSPopt.hpp:65]   --->   Operation 21 'add' 'add_ln65' <Predicate = true> <Delay = 0.97> <Core = "AddSub">   --->   Core 14 'AddSub' <Latency = 0> <II = 1> <Delay = 0.93> <FuncUnit> <Opcode : 'add' 'sub'> <InPorts = 2> <OutPorts = 1>
ST_2 : Operation 22 [1/1] (0.00ns)   --->   "br i1 %icmp_ln65, label %.loopexit.loopexit, label %hls_label_43" [./src/conv2d_DSPopt.hpp:65]   --->   Operation 22 'br' <Predicate = true> <Delay = 0.00>
ST_2 : Operation 23 [1/1] (0.85ns)   --->   "%icmp_ln66 = icmp eq i9 %cycle_0, -8" [./src/conv2d_DSPopt.hpp:66]   --->   Operation 23 'icmp' 'icmp_ln66' <Predicate = (!icmp_ln65)> <Delay = 0.85> <Core = "Cmp">   --->   Core 25 'Cmp' <Latency = 0> <II = 1> <Delay = 0.85> <FuncUnit> <Opcode : 'icmp'> <InPorts = 2> <OutPorts = 1>
ST_2 : Operation 24 [1/1] (0.45ns)   --->   "%select_ln66 = select i1 %icmp_ln66, i9 0, i9 %cycle_0" [./src/conv2d_DSPopt.hpp:66]   --->   Operation 24 'select' 'select_ln66' <Predicate = (!icmp_ln65)> <Delay = 0.45> <Core = "Sel">   --->   Core 26 'Sel' <Latency = 0> <II = 1> <Delay = 0.44> <FuncUnit> <Opcode : 'select'> <InPorts = 3> <OutPorts = 1>
ST_2 : Operation 25 [1/1] (0.00ns)   --->   "%wr_V = call i2 @_ssdm_op_PartSelect.i2.i8.i32.i32(i8 %t_V_3, i32 3, i32 4)" [./src/conv2d_DSPopt.hpp:70]   --->   Operation 25 'partselect' 'wr_V' <Predicate = (!icmp_ln65)> <Delay = 0.00>
ST_2 : Operation 26 [1/1] (0.00ns)   --->   "%simdIdx_V = trunc i8 %t_V_3 to i3" [./src/conv2d_DSPopt.hpp:71]   --->   Operation 26 'trunc' 'simdIdx_V' <Predicate = (!icmp_ln65)> <Delay = 0.00>
ST_2 : Operation 27 [1/1] (0.62ns)   --->   "%rowBufferIdx_V = add i2 %wr_V, %startRowBufferIdx_V_s" [./src/conv2d_DSPopt.hpp:77]   --->   Operation 27 'add' 'rowBufferIdx_V' <Predicate = (!icmp_ln65)> <Delay = 0.62> <Core = "AddSub">   --->   Core 14 'AddSub' <Latency = 0> <II = 1> <Delay = 0.93> <FuncUnit> <Opcode : 'add' 'sub'> <InPorts = 2> <OutPorts = 1>
ST_2 : Operation 28 [1/1] (0.00ns)   --->   "%tmp_1 = call i11 @_ssdm_op_BitConcatenate.i11.i8.i3(i8 %t_V, i3 %simdIdx_V)" [./src/conv2d_DSPopt.hpp:80]   --->   Operation 28 'bitconcatenate' 'tmp_1' <Predicate = (!icmp_ln65)> <Delay = 0.00>
ST_2 : Operation 29 [1/1] (0.00ns)   --->   "%zext_ln321 = zext i2 %rowBufferIdx_V to i11" [./src/conv2d_DSPopt.hpp:80]   --->   Operation 29 'zext' 'zext_ln321' <Predicate = (!icmp_ln65)> <Delay = 0.00>
ST_2 : Operation 30 [1/1] (0.63ns) (grouped into DSP with root node add_ln321)   --->   "%mul_ln321 = mul i11 168, %zext_ln321" [./src/conv2d_DSPopt.hpp:80]   --->   Operation 30 'mul' 'mul_ln321' <Predicate = (!icmp_ln65)> <Delay = 0.63> <Core = "DSP48">   --->   Core 88 'DSP48' <Latency = 0> <II = 1> <Delay = 2.84> <IPBlock> <Opcode : 'mul' 'add' 'sub' 'select'> <InPorts = 2> <OutPorts = 1> <Sync> <CReg>
ST_2 : Operation 31 [1/1] (2.20ns) (root node of the DSP)   --->   "%add_ln321 = add i11 %mul_ln321, %tmp_1" [./src/conv2d_DSPopt.hpp:80]   --->   Operation 31 'add' 'add_ln321' <Predicate = (!icmp_ln65)> <Delay = 2.20> <Core = "DSP48">   --->   Core 88 'DSP48' <Latency = 0> <II = 1> <Delay = 2.84> <IPBlock> <Opcode : 'mul' 'add' 'sub' 'select'> <InPorts = 2> <OutPorts = 1> <Sync> <CReg>
ST_2 : Operation 32 [1/1] (0.00ns)   --->   "%zext_ln1353 = zext i2 %wr_V to i11" [./src/conv2d_DSPopt.hpp:83]   --->   Operation 32 'zext' 'zext_ln1353' <Predicate = (!icmp_ln65)> <Delay = 0.00>
ST_2 : Operation 33 [1/1] (0.94ns)   --->   "%ret_V_3 = add i11 %zext_ln1353, %ret_V" [./src/conv2d_DSPopt.hpp:83]   --->   Operation 33 'add' 'ret_V_3' <Predicate = (!icmp_ln65)> <Delay = 0.94> <Core = "AddSub">   --->   Core 14 'AddSub' <Latency = 0> <II = 1> <Delay = 0.93> <FuncUnit> <Opcode : 'add' 'sub'> <InPorts = 2> <OutPorts = 1>
ST_2 : Operation 34 [1/1] (0.00ns)   --->   "%tmp_8 = call i1 @_ssdm_op_BitSelect.i1.i11.i32(i11 %ret_V_3, i32 10)" [./src/conv2d_DSPopt.hpp:83]   --->   Operation 34 'bitselect' 'tmp_8' <Predicate = (!icmp_ln65)> <Delay = 0.00>
ST_2 : Operation 35 [1/1] (0.85ns)   --->   "%icmp_ln891 = icmp sgt i11 %ret_V_3, 19" [./src/conv2d_DSPopt.hpp:83]   --->   Operation 35 'icmp' 'icmp_ln891' <Predicate = (!icmp_ln65)> <Delay = 0.85> <Core = "Cmp">   --->   Core 25 'Cmp' <Latency = 0> <II = 1> <Delay = 0.85> <FuncUnit> <Opcode : 'icmp'> <InPorts = 2> <OutPorts = 1>
ST_2 : Operation 36 [1/1] (0.33ns)   --->   "%or_ln83 = or i1 %tmp_8, %icmp_ln891" [./src/conv2d_DSPopt.hpp:83]   --->   Operation 36 'or' 'or_ln83' <Predicate = (!icmp_ln65)> <Delay = 0.33> <Core = "LogicGate">   --->   Core 27 'LogicGate' <Latency = 0> <II = 1> <Delay = 0.33> <FuncUnit> <Opcode : 'and' 'or' 'xor'> <InPorts = 2> <OutPorts = 1>
ST_2 : Operation 37 [1/1] (0.85ns)   --->   "%icmp_ln96 = icmp eq i9 %select_ln66, -9" [./src/conv2d_DSPopt.hpp:96]   --->   Operation 37 'icmp' 'icmp_ln96' <Predicate = (!icmp_ln65)> <Delay = 0.85> <Core = "Cmp">   --->   Core 25 'Cmp' <Latency = 0> <II = 1> <Delay = 0.85> <FuncUnit> <Opcode : 'icmp'> <InPorts = 2> <OutPorts = 1>
ST_2 : Operation 38 [1/1] (0.85ns)   --->   "%icmp_ln879 = icmp eq i8 %t_V_3, 23" [./src/conv2d_DSPopt.hpp:98]   --->   Operation 38 'icmp' 'icmp_ln879' <Predicate = (!icmp_ln65)> <Delay = 0.85> <Core = "Cmp">   --->   Core 25 'Cmp' <Latency = 0> <II = 1> <Delay = 0.85> <FuncUnit> <Opcode : 'icmp'> <InPorts = 2> <OutPorts = 1>
ST_2 : Operation 39 [1/1] (0.90ns)   --->   "%w_V = add i8 1, %t_V" [./src/conv2d_DSPopt.hpp:99]   --->   Operation 39 'add' 'w_V' <Predicate = (!icmp_ln65)> <Delay = 0.90> <Core = "AddSub">   --->   Core 14 'AddSub' <Latency = 0> <II = 1> <Delay = 0.93> <FuncUnit> <Opcode : 'add' 'sub'> <InPorts = 2> <OutPorts = 1>
ST_2 : Operation 40 [1/1] (0.00ns) (grouped into LUT with out node select_ln96)   --->   "%select_ln98 = select i1 %icmp_ln879, i8 %w_V, i8 %t_V" [./src/conv2d_DSPopt.hpp:98]   --->   Operation 40 'select' 'select_ln98' <Predicate = (!icmp_ln65)> <Delay = 0.00> <Core = "Sel">   --->   Core 26 'Sel' <Latency = 0> <II = 1> <Delay = 0.44> <FuncUnit> <Opcode : 'select'> <InPorts = 3> <OutPorts = 1>
ST_2 : Operation 41 [1/1] (0.44ns) (out node of the LUT)   --->   "%select_ln96 = select i1 %icmp_ln96, i8 0, i8 %select_ln98" [./src/conv2d_DSPopt.hpp:96]   --->   Operation 41 'select' 'select_ln96' <Predicate = (!icmp_ln65)> <Delay = 0.44> <Core = "Sel">   --->   Core 26 'Sel' <Latency = 0> <II = 1> <Delay = 0.44> <FuncUnit> <Opcode : 'select'> <InPorts = 3> <OutPorts = 1>
ST_2 : Operation 42 [1/1] (0.90ns)   --->   "%infoldIdx_V = add i8 1, %t_V_3" [./src/conv2d_DSPopt.hpp:105]   --->   Operation 42 'add' 'infoldIdx_V' <Predicate = (!icmp_ln65)> <Delay = 0.90> <Core = "AddSub">   --->   Core 14 'AddSub' <Latency = 0> <II = 1> <Delay = 0.93> <FuncUnit> <Opcode : 'add' 'sub'> <InPorts = 2> <OutPorts = 1>
ST_2 : Operation 43 [1/1] (0.44ns)   --->   "%infoldIdx_V_3 = select i1 %icmp_ln879, i8 0, i8 %infoldIdx_V" [./src/conv2d_DSPopt.hpp:102]   --->   Operation 43 'select' 'infoldIdx_V_3' <Predicate = (!icmp_ln65)> <Delay = 0.44> <Core = "Sel">   --->   Core 26 'Sel' <Latency = 0> <II = 1> <Delay = 0.44> <FuncUnit> <Opcode : 'select'> <InPorts = 3> <OutPorts = 1>
ST_2 : Operation 44 [1/1] (0.92ns)   --->   "%cycle = add i9 1, %select_ln66" [./src/conv2d_DSPopt.hpp:66]   --->   Operation 44 'add' 'cycle' <Predicate = (!icmp_ln65)> <Delay = 0.92> <Core = "AddSub">   --->   Core 14 'AddSub' <Latency = 0> <II = 1> <Delay = 0.93> <FuncUnit> <Opcode : 'add' 'sub'> <InPorts = 2> <OutPorts = 1>

State 3 <SV = 2> <Delay = 1.35>
ST_3 : Operation 45 [1/1] (0.00ns)   --->   "%sext_ln321 = sext i11 %add_ln321 to i64" [./src/conv2d_DSPopt.hpp:80]   --->   Operation 45 'sext' 'sext_ln321' <Predicate = (!icmp_ln65)> <Delay = 0.00>
ST_3 : Operation 46 [1/1] (0.00ns)   --->   "%row_buffer_V_addr = getelementptr [672 x i64]* %row_buffer_V, i64 0, i64 %sext_ln321" [./src/conv2d_DSPopt.hpp:80]   --->   Operation 46 'getelementptr' 'row_buffer_V_addr' <Predicate = (!icmp_ln65)> <Delay = 0.00>
ST_3 : Operation 47 [2/2] (1.35ns)   --->   "%row_buffer_V_load = load i64* %row_buffer_V_addr, align 8" [./src/conv2d_DSPopt.hpp:80]   --->   Operation 47 'load' 'row_buffer_V_load' <Predicate = (!icmp_ln65)> <Delay = 1.35> <Core = "RAM_S2P_BRAM">   --->   Core 48 'RAM_S2P_BRAM' <Latency = 1> <II = 1> <Delay = 1.35> <Storage> <Opcode : 'load' 'store'> <Ports = 2> <Width = 64> <Depth = 672> <RAM>

State 4 <SV = 3> <Delay = 1.87>
ST_4 : Operation 48 [1/2] (1.35ns)   --->   "%row_buffer_V_load = load i64* %row_buffer_V_addr, align 8" [./src/conv2d_DSPopt.hpp:80]   --->   Operation 48 'load' 'row_buffer_V_load' <Predicate = (!icmp_ln65)> <Delay = 1.35> <Core = "RAM_S2P_BRAM">   --->   Core 48 'RAM_S2P_BRAM' <Latency = 1> <II = 1> <Delay = 1.35> <Storage> <Opcode : 'load' 'store'> <Ports = 2> <Width = 64> <Depth = 672> <RAM>
ST_4 : Operation 49 [1/1] (0.00ns)   --->   "%trunc_ln647 = trunc i64 %row_buffer_V_load to i32" [./src/conv2d_DSPopt.hpp:89]   --->   Operation 49 'trunc' 'trunc_ln647' <Predicate = (!icmp_ln65 & !or_ln83)> <Delay = 0.00>
ST_4 : Operation 50 [1/1] (0.00ns)   --->   "%p_Result_s = call i32 @_ssdm_op_PartSelect.i32.i64.i32.i32(i64 %row_buffer_V_load, i32 32, i32 63)" [./src/conv2d_DSPopt.hpp:91]   --->   Operation 50 'partselect' 'p_Result_s' <Predicate = (!icmp_ln65 & !or_ln83)> <Delay = 0.00>
ST_4 : Operation 51 [1/1] (0.52ns)   --->   "%v1_V = select i1 %or_ln83, i32 0, i32 %p_Result_s" [./src/conv2d_DSPopt.hpp:83]   --->   Operation 51 'select' 'v1_V' <Predicate = (!icmp_ln65)> <Delay = 0.52> <Core = "Sel">   --->   Core 26 'Sel' <Latency = 0> <II = 1> <Delay = 0.44> <FuncUnit> <Opcode : 'select'> <InPorts = 3> <OutPorts = 1>
ST_4 : Operation 52 [1/1] (0.52ns)   --->   "%v2_V = select i1 %or_ln83, i32 0, i32 %trunc_ln647" [./src/conv2d_DSPopt.hpp:83]   --->   Operation 52 'select' 'v2_V' <Predicate = (!icmp_ln65)> <Delay = 0.52> <Core = "Sel">   --->   Core 26 'Sel' <Latency = 0> <II = 1> <Delay = 0.44> <FuncUnit> <Opcode : 'select'> <InPorts = 3> <OutPorts = 1>

State 5 <SV = 4> <Delay = 1.75>
ST_5 : Operation 53 [1/1] (0.00ns)   --->   "%empty = call i32 (...)* @_ssdm_op_SpecLoopTripCount(i64 8064, i64 8064, i64 8064)"   --->   Operation 53 'speclooptripcount' 'empty' <Predicate = (!icmp_ln65)> <Delay = 0.00>
ST_5 : Operation 54 [1/1] (0.00ns)   --->   "%tmp = call i32 (...)* @_ssdm_op_SpecRegionBegin([13 x i8]* @p_str50002)" [./src/conv2d_DSPopt.hpp:66]   --->   Operation 54 'specregionbegin' 'tmp' <Predicate = (!icmp_ln65)> <Delay = 0.00>
ST_5 : Operation 55 [1/1] (0.00ns)   --->   "call void (...)* @_ssdm_op_SpecPipeline(i32 -1, i32 1, i32 1, i32 0, [1 x i8]* @p_str49942) nounwind" [./src/conv2d_DSPopt.hpp:72]   --->   Operation 55 'specpipeline' <Predicate = (!icmp_ln65)> <Delay = 0.00>
ST_5 : Operation 56 [1/1] (0.00ns)   --->   "%p_Result_s_75 = call i64 @_ssdm_op_BitConcatenate.i64.i32.i32(i32 %v1_V, i32 %v2_V)" [./src/conv2d_DSPopt.hpp:94]   --->   Operation 56 'bitconcatenate' 'p_Result_s_75' <Predicate = (!icmp_ln65)> <Delay = 0.00>
ST_5 : Operation 57 [1/1] (1.75ns)   --->   "call void @_ssdm_op_Write.ap_fifo.volatile.i64P(i64* %out_V_V, i64 %p_Result_s_75)" [./src/conv2d_DSPopt.hpp:94]   --->   Operation 57 'write' <Predicate = (!icmp_ln65)> <Delay = 1.75> <Core = "FIFO">   --->   Core 32 'FIFO' <Latency = 0> <II = 1> <Delay = 2.16> <Storage> <Opcode : 'read' 'write' 'nbread' 'nbwrite'> <Ports = 0> <Width = 64> <Depth = 2> <FIFO>
ST_5 : Operation 58 [1/1] (0.00ns)   --->   "%empty_76 = call i32 (...)* @_ssdm_op_SpecRegionEnd([13 x i8]* @p_str50002, i32 %tmp)" [./src/conv2d_DSPopt.hpp:107]   --->   Operation 58 'specregionend' 'empty_76' <Predicate = (!icmp_ln65)> <Delay = 0.00>
ST_5 : Operation 59 [1/1] (0.00ns)   --->   "br label %.preheader617" [./src/conv2d_DSPopt.hpp:66]   --->   Operation 59 'br' <Predicate = (!icmp_ln65)> <Delay = 0.00>

State 6 <SV = 2> <Delay = 0.00>
ST_6 : Operation 60 [1/1] (0.00ns)   --->   "br label %.loopexit"   --->   Operation 60 'br' <Predicate = (!skip_flag_read)> <Delay = 0.00>
ST_6 : Operation 61 [1/1] (0.00ns)   --->   "ret void" [./src/conv2d_DSPopt.hpp:109]   --->   Operation 61 'ret' <Predicate = true> <Delay = 0.00>


============================================================
+ Verbose Summary: Timing violations
============================================================
Target clock period: 4ns, clock uncertainty: 0.5ns.

 <State 1>: 0.934ns
The critical path consists of the following:
	wire read on port 'outRowIdx_V' (./src/conv2d_DSPopt.hpp:50) [9]  (0 ns)
	'add' operation ('ret.V', ./src/conv2d_DSPopt.hpp:83) [14]  (0.934 ns)

 <State 2>: 3.47ns
The critical path consists of the following:
	'phi' operation ('infoldIdx.V') with incoming values : ('infoldIdx.V', ./src/conv2d_DSPopt.hpp:102) [18]  (0 ns)
	'add' operation ('rowBufferIdx.V', ./src/conv2d_DSPopt.hpp:77) [32]  (0.625 ns)
	'mul' operation of DSP[36] ('mul_ln321', ./src/conv2d_DSPopt.hpp:80) [35]  (0.638 ns)
	'add' operation of DSP[36] ('add_ln321', ./src/conv2d_DSPopt.hpp:80) [36]  (2.21 ns)

 <State 3>: 1.35ns
The critical path consists of the following:
	'getelementptr' operation ('row_buffer_V_addr', ./src/conv2d_DSPopt.hpp:80) [38]  (0 ns)
	'load' operation ('row_buffer_V_load', ./src/conv2d_DSPopt.hpp:80) on array 'row_buffer_V' [39]  (1.35 ns)

 <State 4>: 1.88ns
The critical path consists of the following:
	'load' operation ('row_buffer_V_load', ./src/conv2d_DSPopt.hpp:80) on array 'row_buffer_V' [39]  (1.35 ns)
	'select' operation ('v1.V', ./src/conv2d_DSPopt.hpp:83) [47]  (0.525 ns)

 <State 5>: 1.75ns
The critical path consists of the following:
	fifo write on port 'out_V_V' (./src/conv2d_DSPopt.hpp:94) [50]  (1.75 ns)

 <State 6>: 0ns
The critical path consists of the following:


============================================================
+ Verbose Summary: Binding
============================================================
N/A
* FSMD analyzer results:
  - Output states:
 - Input state : 
  - Chain level:
	State 1
	State 2
	State 3
	State 4
	State 5
	State 6


============================================================
+ Verbose Summary: Datapath Resource usage 
============================================================
N/A
